[www.apple.com/iphone/index.html]
[www.apple.com/api-www/global-elements/global-header/v1/assets/globalheader.css]
[www.apple.com/ac/globalfooter/8/en_US/styles/ac-globalfooter.built.css]
[www.apple.com/am/iphone/index.html]
[www.apple.com/az/iphone/index.html]
[www.apple.com/ae-ar/iphone/index.html]
[www.apple.com/bh-ar/iphone/index.html]
[www.apple.com/ac/localnav/9/styles/ac-localnav.built.css]
[www.apple.com/bw/iphone/index.html]
[www.apple.com/cf/iphone/index.html]
[www.apple.com/bh/iphone/index.html]
[www.apple.com/ci/iphone/index.html]
[www.apple.com/us/shop/mcm/product-price.json]
[www.apple.com/us-edu/shop/mcm/product-price.json]
[www.apple.com/co/iphone/index.html]
[www.apple.com/cm/iphone/index.html]
[www.apple.com/ee/iphone/index.html]
[www.apple.com/eg-ar/iphone/index.html]
[www.apple.com/us/shop/mcm/tradein-credit.json]
[backblue.gif]
[fade.gif]
[index.html]
[www.apple.com/ge/iphone/index.html]
[www.apple.com/gn/iphone/index.html]
[www.apple.com/gq/iphone/index.html]
[www.apple.com/v/iphone/home/ci/images/meta/iphone__cud4q04omsuq_ogc80d.png]
[www.apple.com/gw/iphone/index.html]
[www.apple.com/eg/iphone/index.html]
[www.apple.com/hr/iphone/index.html]
[www.apple.com/jo/iphone/index.html]
[www.apple.com/ke/iphone/index.html]
[www.apple.com/jo-ar/iphone/index.html]
[www.apple.com/iphone/indexf793.html]
[www.apple.com/wss/fonts5144.css]
[www.apple.com/kg/iphone/index.html]
[www.apple.com/kw-ar/iphone/index.html]
[www.apple.com/kz/iphone/index.html]
[www.apple.com/kw/iphone/index.html]
[www.apple.com/v/ac/includes/campaigns-seasonal/vday-2026/a/built/styles/overview.built.css]
[www.apple.com/la/iphone/index.html]
[www.apple.com/lae/iphone/index.html]
[www.apple.com/v/iphone/home/ci/built/styles/overview.built.css]
[www.apple.com/li/iphone/index.html]
[www.apple.com/lt/iphone/index.html]
[www.apple.com/lu/iphone/index.html]
[www.apple.com/v/iphone/home/ci/built/scripts/overview/head.built.js]
[www.apple.com/lv/iphone/index.html]
[www.apple.com/ma/iphone/index.html]
[www.apple.com/me/iphone/index.html]
[www.apple.com/md/iphone/index.html]
[www.apple.com/store.html]
[www.apple.com/mk/iphone/index.html]
[www.apple.com/mg/iphone/index.html]
[www.apple.com/ml/iphone/index.html]
[www.apple.com/mo/iphone/index.html]
[www.apple.com/shop/accessories/all.html]
[www.apple.com/us/search.html]
[www.apple.com/mu/iphone/index.html]
[www.apple.com/mt/iphone/index.html]
[www.apple.com/mz/iphone/index.html]
[www.apple.com/shop/bag.html]
[www.apple.com/ng/iphone/index.html]
[www.apple.com/ne/iphone/index.html]
[www.apple.com/om-ar/iphone/index.html]
[www.apple.com/api-www/global-elements/global-header/v1/assets/globalheader.umd.js]
[www.apple.com/om/iphone/index.html]
[www.apple.com/qa-ar/iphone/index.html]
[www.apple.com/qa/iphone/index.html]
[www.apple.com/ac/includes/acmi-handler/scripts/acmi-head.built.js]
[www.apple.com/sa-ar/iphone/index.html]
[www.apple.com/sa/iphone/index.html]
[www.apple.com/sn/iphone/index.html]
[www.apple.com/si/iphone/index.html]
[www.apple.com/sk/iphone/index.html]
[www.apple.com/metrics/ac-analytics/2.28.1/scripts/ac-analytics.js]
[www.apple.com/tn/iphone/index.html]
[www.apple.com/tj/iphone/index.html]
[www.apple.com/tm/iphone/index.html]
[www.apple.com/ug/iphone/index.html]
[www.apple.com/shop/buy-iphone.html]
[www.apple.com/index.html]
[www.apple.com/uz/iphone/index.html]
[www.apple.com/iphone/indexa246.html]
[www.apple.com/mac/index.html]
[www.apple.com/shop/trade-in.html]
[www.apple.com/ipad/index.html]
[www.apple.com/watch/index.html]
[www.apple.com/apple-vision-pro/index.html]
[www.apple.com/v/iphone/home/ci/images/overview/chapternav/nav_iphone_17pro__d60uog2c064i_large.png]
[www.apple.com/airpods/index.html]
[www.apple.com/tv-home/index.html]
[www.apple.com/v/iphone/home/ci/images/overview/chapternav/nav_iphone_air__bbj6j2c39efm_large.png]
[support.apple.com/index722f.html]
[www.apple.com/iphone-17-pro/index.html]
[www.apple.com/v/iphone/home/ci/images/overview/chapternav/nav_iphone_17__ffxyxejeezqm_large.png]
[www.apple.com/iphone-air/index.html]
[www.apple.com/iphone-17/index.html]
[www.apple.com/shop/buy-iphone/iphone-16.html]
[www.apple.com/v/iphone/home/ci/images/overview/chapternav/nav_iphone_16__kcscr25z9num_large.png]
[www.apple.com/v/iphone/home/ci/images/overview/chapternav/nav_iphone_16e__3qxl86zrk0yq_large.png]
[www.apple.com/v/iphone/home/ci/images/overview/chapternav/nav_compare__fka067e4fgq6_large.png]
[www.apple.com/iphone-16e/index.html]
[www.apple.com/iphone/compare/index.html]
[www.apple.com/shop/iphone/accessories.html]
[www.apple.com/v/iphone/home/ci/images/overview/chapternav/nav_accessories__e5zgfl9e0vwy_large.png]
[www.apple.com/v/iphone/home/ci/images/overview/chapternav/nav_shop_alt__dur38g1c4ii6_large.png]
[www.apple.com/v/iphone/home/ci/images/overview/chapternav/nav_ios__efygxkc3oqs2_large.png]
[www.apple.com/v/iphone/home/ci/images/overview/consider/getting_started__f98z0j9hm7m2_large.jpg]
[www.apple.com/os/ios/index.html]
[support.apple.com/en-us/118670.html]
[www.apple.com/v/iphone/home/ci/images/overview/consider_modals/getting-started/modal_transfer__d54n3mtyihsi_large.jpg]
[www.apple.com/v/iphone/home/ci/images/overview/consider_modals/getting-started/modal_conversation__dhuz6opfubgy_large.jpg]
[www.apple.com/v/iphone/home/ci/images/overview/consider_modals/getting-started/modal_ease__5852shn412qy_large.jpg]
[www.apple.com/v/iphone/home/ci/images/overview/consider_modals/getting-started/modal_specialist__cegoqoyt2r6q_large.jpg]
[www.apple.com/v/iphone/home/ci/images/overview/consider/designed-to_last__c3hmkknr9scy_large.jpg]
[www.apple.com/v/iphone/home/ci/images/overview/consider_modals/designed-to-last/modal_last__bwef9eghw8xe_large.jpg]
[www.apple.com/v/iphone/home/ci/images/overview/consider_modals/designed-to-last/modal_new__b7jvgmgpb37m_large.jpg]
[www.apple.com/v/iphone/home/ci/images/overview/consider_modals/designed-to-last/modal_supersmart__gdssqz659my6_large.jpg]
[www.apple.com/v/iphone/home/ci/images/overview/consider/ios__02vczxaa3siu_large.jpg]
[www.apple.com/v/iphone/home/ci/images/overview/consider_modals/ios_ai/modal_delight__i0qklyn8nii6_large.jpg]
[www.apple.com/v/iphone/home/ci/images/overview/consider_modals/ios_ai/modal_action_button__nje2lljsf3u6_large.jpg]
[www.apple.com/v/iphone/home/ci/images/overview/consider_modals/ios_ai/modal_smart__bskqw1ojheb6_large.jpg]
[www.apple.com/v/iphone/home/ci/images/overview/consider_modals/ios_ai/modal_visual_intelligence__db4wb0gyrxqq_large.jpg]
[www.apple.com/v/iphone/home/ci/images/overview/consider_modals/ios_ai/modal_clean_up__bfik5r4vj02q_large.jpg]
[www.apple.com/v/iphone/home/ci/images/overview/consider_modals/ios_ai/modal_siri__cxorhcnigqc2_large.jpg]
[www.apple.com/v/iphone/home/ci/images/overview/consider_modals/ios_ai/modal_iphone__dj0juux57swi_large.jpg]
[www.apple.com/v/iphone/home/ci/images/overview/consider/privacy__dd7zepyil6gm_large.jpg]
[www.apple.com/v/iphone/home/ci/images/overview/consider_modals/privacy/modal_privacy__bfcet6osbycy_large.jpg]
[www.apple.com/v/iphone/home/ci/images/overview/consider_modals/privacy/modal_sign_in__eoc5cuolrgq6_large.jpg]
[www.apple.com/v/iphone/home/ci/images/overview/consider_modals/privacy/modal_browse__bjh6absiugxe_large.jpg]
[www.apple.com/v/iphone/home/ci/images/overview/consider_modals/privacy/modal_share__cp7lmx5xndzm_large.jpg]
[www.apple.com/v/iphone/home/ci/images/overview/consider_modals/privacy/modal_pay__53wlik447ya2_large.jpg]
[www.apple.com/v/iphone/home/ci/images/overview/consider/camera__f389jji00bee_large.jpg]
[www.apple.com/v/iphone/home/ci/images/overview/consider_modals/camera/modal_stunning__d5whljci7v0i_large.jpg]
[www.apple.com/v/iphone/home/ci/images/overview/consider_modals/camera/modal_zoom__dr6qr7qwc18i_large.jpg]
[www.apple.com/v/iphone/home/ci/images/overview/consider_modals/camera/modal_movies__gl7spw4j3xyu_large.jpg]
[www.apple.com/v/iphone/home/ci/images/overview/consider/environment__ct6r1r1bigsy_large.jpg]
[www.apple.com/v/iphone/home/ci/images/overview/consider_modals/environment/modal_recycle__f4wl04jg1z22_large.jpg]
[www.apple.com/v/iphone/home/ci/images/overview/consider_modals/environment/modal_packaging__br93x19oxfhy_large.jpg]
[www.apple.com/v/iphone/home/ci/images/overview/consider_modals/environment/modal_trade_in__6rgqauxdihum_large.jpg]
[www.apple.com/v/iphone/home/ci/images/overview/consider_modals/environment/modal_innovation__46sbsa80fhem_large.jpg]
[www.apple.com/v/iphone/home/ci/images/overview/consider_modals/environment/modal_on_track__ffuiyrxtiyum_large.jpg]
[www.apple.com/v/iphone/home/ci/images/overview/consider/safety__faiti3j3g0mm_large.jpg]
[www.apple.com/v/iphone/home/ci/images/overview/consider_modals/safety/modal_range__yrz5m709ofmu_large.jpg]
[www.apple.com/v/iphone/home/ci/images/overview/consider_modals/safety/modal_reassurance__dgemw59kaeeu_large.jpg]
[www.apple.com/v/iphone/home/ci/images/overview/select/iphone_17pro__0s6piftg70ym_large.jpg]
[www.apple.com/shop/buy-iphone/iphone-17-pro.html]
[www.apple.com/v/iphone/home/ci/images/overview/select/iphone_air__f0t56fef3oey_large.jpg]
[www.apple.com/shop/buy-iphone/iphone-air.html]
[www.apple.com/v/iphone/home/ci/images/overview/select/iphone_17__ck7zzemcw37m_large.jpg]
[www.apple.com/shop/buy-iphone/iphone-17.html]
[www.apple.com/v/iphone/home/ci/images/overview/select/iphone_16__drr03yfz644m_large.jpg]
[www.apple.com/iphone-16/specs/index.html]
[www.apple.com/v/iphone/home/ci/images/overview/select/iphone_16e__dar81seif0cy_large.jpg]
[www.apple.com/shop/buy-iphone/iphone-16e.html]
[www.apple.com/105/media/us/iphone/2025/bf3428fe-1ccc-4e3f-a0fc-30af341431f8/films/guided-tour/iphone-guided-tour-tpl-us-2025_16x9.m3u8]
[www.apple.com/v/iphone/home/ci/images/overview/guided-tour/guided_tour__dq7eb6kaepqq_large.jpg]
[www.apple.com/v/iphone/home/ci/images/overview/incentive/trade_in__ef3j1nhcyz6u_large.jpg]
[www.apple.com/v/iphone/home/ci/images/overview/incentive/buy__dceotx8k6b0i_large.jpg]
[www.apple.com/v/iphone/home/ci/images/overview/incentive/carrier__f3qbd6zpt662_large.jpg]
[www.apple.com/apple-card/monthly-installments/index.html]
[www.apple.com/shop/buy-iphone/carrier-offers.html]
[www.apple.com/v/iphone/home/ci/images/overview/incentive/setup__bubic6jn78aa_large.jpg]
[www.apple.com/shop/personal-setup.html]
[www.apple.com/v/iphone/home/ci/images/overview/incentive/deliver__eifxj47ws4eq_large.jpg]
[www.apple.com/shop/shipping-pickup.html]
[www.apple.com/v/iphone/home/ci/images/overview/incentive/specialist__gb6sij2e6paq_large.jpg]
[www.apple.com/v/iphone/home/ci/images/overview/incentive/app__cw15uahrix6q_large.jpg]
[www.apple.com/v/iphone/home/ci/images/overview/incentive/boc_qr_code__m7puq68j9qye_large.png]
[www.apple.com/v/iphone/home/ci/images/overview/incentive/trade_in_alt__ex3gcqrd02c2_large.jpg]
[www.apple.com/v/iphone/home/ci/images/overview/upgrade/upgrade__b78jqt55kz42_large.jpg]
[www.apple.com/iphone/switch/index.html]
[contactretail.apple.com/index12a4.html]
[www.apple.com/v/iphone/home/ci/images/overview/consider/innovation__ce13717o3vhy_large.jpg]
[www.apple.com/v/iphone/home/ci/images/overview/consider_modals/innovation/modal_second__d7b8ozpwiigm_large.jpg]
[www.apple.com/v/iphone/home/ci/images/overview/consider_modals/innovation/modal_last__bwef9eghw8xe_large.jpg]
[www.apple.com/v/iphone/home/ci/images/overview/consider_modals/innovation/modal_ease__5852shn412qy_large.jpg]
[www.apple.com/v/iphone/home/ci/images/overview/consider/chip__6hy1uruuluaa_large.jpg]
[www.apple.com/v/iphone/home/ci/images/overview/consider_modals/chip-battery/modal_supersmart__gdssqz659my6_large.jpg]
[www.apple.com/v/iphone/home/ci/images/overview/consider_modals/chip-battery/modal_long_lasting__baxfhotph1gi_large.jpg]
[www.apple.com/v/iphone/home/ci/images/overview/consider_modals/chip-battery/modal_5g__fsqjwzg6rsia_large.jpg]
[www.apple.com/v/iphone/home/ci/images/overview/consider_modals/chip-battery/modal_power__cevo1nv24qz6_large.jpg]
[www.apple.com/v/iphone/home/ci/images/overview/essentials/accessories__ek0uv892lg6e_large.jpg]
[www.apple.com/shop/buy-airtag/airtag.html]
[www.apple.com/v/iphone/home/ci/images/overview/essentials/airtag_accessories__gcg7wtcpr2y6_large.jpg]
[www.apple.com/v/iphone/home/ci/images/overview/augment/mac__gmrv6vyz8x6q_large.jpg]
[www.apple.com/v/iphone/home/ci/images/overview/augment/watch__fxtwpvwdf3mi_large.jpg]
[www.apple.com/v/iphone/home/ci/images/overview/augment/airpods__ehyxlx24f5g2_large.jpg]
[support.apple.com/en-ke/121115b0b3.html]
[support.apple.com/en-ke/121429b0b3.html]
[support.apple.com/en-us/105097b0b3.html]
[support.apple.com/en-ke/102730808b.html]
[www.apple.com/legal/sales-support/iphoneinstallments_us/index.html]
[support.apple.com/en-ke/102775b0b3.html]
[www.apple.com/iphone/cellular/index.html]
[www.apple.com/shop/gift-cards.html]
[www.apple.com/airtag/index.html]
[www.apple.com/ios/feature-availability/index.html]
[www.apple.com/apple-pay/index.html]
[www.apple.com/wallet/index.html]
[www.apple.com/apple-card/index.html]
[www.apple.com/apple-cash/index.html]
[account.apple.com/index.html]
[www.apple.com/shop/sorry/illegal_arguments.html]
[www.apple.com/apple-one/index.html]
[www.apple.com/apple-music/index.html]
[www.apple.com/apple-tv/index.html]
[apps.apple.com/us/app/apple-store/id375380948.html]
[www.apple.com/apple-news/index.html]
[www.apple.com/apple-arcade/index.html]
[www.apple.com/apple-fitness-plus/index.html]
[www.apple.com/app-store/index.html]
[www.apple.com/apple-podcasts/index.html]
[www.apple.com/shop/refurbished.html]
[www.apple.com/apple-books/index.html]
[www.apple.com/retail/geniusbar/index.html]
[www.apple.com/retail/index.html]
[www.apple.com/today/index.html]
[www.apple.com/shop/browse/financing.html]
[www.apple.com/today/groups/index.html]
[www.apple.com/today/camp/index.html]
[www.apple.com/shop/help.html]
[www.apple.com/education/index.html]
[www.apple.com/business/index.html]
[www.apple.com/retail/business/index.html]
[www.apple.com/shop/browse/home/veterans_military.html]
[www.apple.com/healthcare/index.html]
[www.apple.com/government/index.html]
[www.apple.com/us_epp_67909/store.html]
[www.apple.com/us_epp_55499/store.html]
[www.apple.com/legal/internet-services/terms/site.html]
[www.apple.com/accessibility/index.html]
[www.apple.com/education-initiative/index.html]
[www.apple.com/privacy/index.html]
[www.apple.com/environment/index.html]
[www.apple.com/diversity/index.html]
[www.apple.com/legal/sales-support/sales-policies/retail_us.html]
[www.apple.com/supply-chain/index.html]
[www.apple.com/racial-equity-justice-initiative/index.html]
[www.apple.com/leadership/index.html]
[www.apple.com/newsroom/index.html]
[www.apple.com/ac/globalfooter/8/en_US/scripts/ac-globalfooter.built.js]
[www.apple.com/careers/us/index.html]
[www.apple.com/ac/localeswitcher/4/en_US/scripts/localeswitcher.built.js]
[www.apple.com/compliance/index.html]
[www.apple.com/v/iphone/home/ci/built/scripts/overview/main.built.js]
[www.apple.com/contact/index.html]
[www.apple.com/apple-events/index.html]
[www.apple.com/choose-country-region/index.html]
[www.apple.com/ac/ac-films/7.3.0/styles/modal.css]
[www.apple.com/legal/privacy/index.html]
[locate.apple.com/index.html]
[www.apple.com/legal/index.html]
[www.apple.com/sitemap/index.html]
[www.apple.com/ac/ac-films/7.3.0/scripts/autofilms.built.js]
[www.apple.com/ac/includes/acmi-handler/scripts/autopricing-toggle.built.js]
[www.apple.com/ac/pricing/latest-1/scripts/autopricing.built.js]
[www.apple.com/iphone/index.html]
[www.apple.com/ac/globalfooter/8/ar_AE/styles/ac-globalfooter.built.css]
[www.apple.com/ac/localnav/9/styles/ac-localnav.rtl.built.css]
[www.apple.com/mideast/ac/includes/campaigns-seasonal/vday-2026/a/built/styles/overview.rtl.built.css]
[www.apple.com/ae-edu/shop/mcm/product-price.json]
[www.apple.com/v/iphone/home/ci/images/meta/iphone__cud4q04omsuq_oga9f6.png]
[www.apple.com/wss/fontsfdd2.css]
[www.apple.com/mideast/iphone/home/ci/built/styles/overview.rtl.built.css]
[www.apple.com/mideast/iphone/home/ci/styles/overview.rtl.css]
[www.apple.com/mideast/iphone/home/ci/images/overview/chapternav/nav_iphone_16__kcscr25z9num_large.png]
[www.apple.com/ae-ar/index.html]
[www.apple.com/ae-ar/mac/index.html]
[www.apple.com/ae-ar/watch/index.html]
[www.apple.com/mideast/iphone/home/ci/images/overview/chapternav/nav_shop__7wcqx7krso2m_large.png]
[www.apple.com/ae-ar/ipad/index.html]
[www.apple.com/ae-ar/tv-home/index.html]
[www.apple.com/ae-ar/apple-vision-pro/index.html]
[www.apple.com/ae-ar/airpods/index.html]
[www.apple.com/ae-ar/iphone-air/index.html]
[www.apple.com/ae-ar/iphone-17/index.html]
[www.apple.com/ae-ar/iphone-17-pro/index.html]
[support.apple.com/ar-ae/118670.html]
[www.apple.com/ae-ar/buy/index97dc.html]
[www.apple.com/ae-ar/buy/index6c97.html]
[www.apple.com/ae-ar/iphone-16e/index.html]
[www.apple.com/ae-ar/iphone/compare/index.html]
[www.apple.com/mideast/iphone/home/ci/images/overview/consider_modals/getting-started/ar/modal_transfer__d54n3mtyihsi_large.jpg]
[www.apple.com/ae-ar/os/ios/index.html]
[www.apple.com/mideast/iphone/home/ci/images/overview/consider_modals/getting-started/ar/modal_conversation__dhuz6opfubgy_large.jpg]
[www.apple.com/mideast/iphone/home/ci/images/overview/consider_modals/getting-started/ar/modal_ease__5852shn412qy_large.jpg]
[www.apple.com/mideast/iphone/home/ci/images/overview/consider_modals/designed-to-last/ar/modal_new__b7jvgmgpb37m_large.jpg]
[www.apple.com/mideast/iphone/home/ci/images/overview/consider_modals/ios_ai/ar/modal_delight__i0qklyn8nii6_large.jpg]
[www.apple.com/mideast/iphone/home/ci/images/overview/consider_modals/ios_ai/ar/modal_iphone__dj0juux57swi_large.jpg]
[www.apple.com/mideast/iphone/home/ci/images/overview/consider_modals/privacy/ar/modal_sign_in__eoc5cuolrgq6_large.jpg]
[www.apple.com/mideast/iphone/home/ci/images/overview/consider_modals/privacy/ar/modal_share__cp7lmx5xndzm_large.jpg]
[www.apple.com/mideast/iphone/home/ci/images/overview/consider_modals/privacy/ar/modal_pay__53wlik447ya2_large.jpg]
[www.apple.com/mideast/iphone/home/ci/images/overview/consider_modals/camera/ar/modal_stunning__d5whljci7v0i_large.jpg]
[www.apple.com/mideast/iphone/home/ci/images/overview/consider_modals/camera/ar/modal_movies__gl7spw4j3xyu_large.jpg]
[www.apple.com/mideast/iphone/home/ci/images/overview/consider/safety__faiti3j3g0mm_large.jpg]
[www.apple.com/mideast/iphone/home/ci/images/overview/consider_modals/safety/ar/modal_range__yrz5m709ofmu_large.jpg]
[www.apple.com/mideast/iphone/home/ci/images/overview/consider_modals/safety/ar/modal_reassurance__dgemw59kaeeu_large.jpg]
[www.apple.com/mideast/iphone/home/ci/images/overview/select/iphone_16__drr03yfz644m_large.jpg]
[www.apple.com/mideast/iphone/home/ci/images/overview/select/iphone_16e__dar81seif0cy_large.jpg]
[www.apple.com/ae-ar/buy/indexb55f.html]
[www.apple.com/ae-ar/buy/indexb235.html]
[www.apple.com/ae-ar/buy/index25d3.html]
[www.apple.com/ae-ar/iphone-16/specs/index.html]
[www.apple.com/105/media/aear/iphone/2025/bf3428fe-1ccc-4e3f-a0fc-30af341431f8/films/guided-tour/iphone-guided-tour-tpl-aear-2025_16x9.m3u8]
[www.apple.com/mideast/iphone/home/ci/images/overview/incentive/trade_in__fz9vnckebjiq_large.jpg]
[www.apple.com/ae-ar/buy/indexa0e9.html]
[www.apple.com/mideast/iphone/home/ci/images/overview/incentive/buy__xy0uylkk8k2a_large.jpg]
[www.apple.com/ae-ar/trade-in/index.html]
[www.apple.com/mideast/iphone/home/ci/images/overview/incentive/deliver__gj45ncn9cga6_large.jpg]
[www.apple.com/mideast/iphone/home/ci/images/overview/incentive/setup__bdu2owxkmg6a_large.jpg]
[www.apple.com/mideast/iphone/home/ci/images/overview/incentive/specialist__esg5k7wbspaq_large.jpg]
[www.apple.com/mideast/iphone/home/ci/images/overview/incentive/boc_qr_code__06bf007p1uae_large.png]
[www.apple.com/mideast/iphone/home/ci/images/overview/upgrade/ar/upgrade__b78jqt55kz42_large.jpg]
[www.apple.com/mideast/iphone/home/ci/images/overview/consider_modals/innovation/ar/modal_second__d7b8ozpwiigm_large.jpg]
[www.apple.com/ae-ar/iphone/switch/index.html]
[contactretail.apple.com/index42c8.html]
[www.apple.com/mideast/iphone/home/ci/images/overview/consider_modals/innovation/ar/modal_ease__5852shn412qy_large.jpg]
[www.apple.com/mideast/iphone/home/ci/images/overview/consider_modals/chip-battery/ar/modal_power__cevo1nv24qz6_large.jpg]
[www.apple.com/v/iphone/home/ci/images/overview/essentials/airtag__es9mk1eqbm2q_large.jpg]
[www.apple.com/mideast/iphone/home/ci/images/overview/augment/ar/mac__gmrv6vyz8x6q_large.jpg]
[www.apple.com/mideast/iphone/home/ci/images/overview/augment/ar/watch__fxtwpvwdf3mi_large.jpg]
[www.apple.com/mideast/iphone/home/ci/images/overview/augment/ar/airpods__ehyxlx24f5g2_large.jpg]
[support.apple.com/ar-ae/121115b0b3.html]
[support.apple.com/ar-ae/121115.html]
[support.apple.com/ar-ae/121429.html]
[support.apple.com/ar-ae/102775.html]
[www.apple.com/legal/warranty/statutoryrights.html]
[www.apple.com/ae-ar/apple-pay/index.html]
[www.apple.com/ae-ar/wallet/index.html]
[www.apple.com/ae-ar/ios/feature-availability/index.html]
[www.apple.com/ac/globalfooter/8/ar_AE/scripts/ac-globalfooter.built.js]
[www.apple.com/ae-ar/airtag/index.html]
[www.apple.com/ae-ar/apple-one/index.html]
[www.apple.com/ae-ar/apple-tv/index.html]
[www.apple.com/ae-ar/iphone/index.html]
[www.apple.com/ac/localeswitcher/4/ar_AE/scripts/localeswitcher.built.js]
[www.apple.com/ae-ar/apple-arcade/index.html]
[account.apple.com/ae/ar/index.html]
[www.apple.com/ae-ar/apple-music/index.html]
[www.apple.com/ac/globalfooter/8/en_AM/styles/ac-globalfooter.built.css]
[www.apple.com/ae-ar/apple-fitness-plus/index.html]
[www.apple.com/ae-ar/apple-podcasts/index.html]
[www.apple.com/ae-ar/apple-books/index.html]
[www.apple.com/ecc-shared/iphone/home/images/meta/iphone__cud4q04omsuq_og6f4d.png]
[www.apple.com/ae-ar/app-store/index.html]
[www.apple.com/v/iphone/home/cg/built/styles/overview.built.css]
[www.apple.com/ae-ar/education/k12/how-to-buy/index.html]
[www.apple.com/ae-ar/healthcare/index.html]
[www.apple.com/ae-ar/accessibility/index.html]
[www.apple.com/ecc-shared/iphone/home/styles/overview.css]
[www.apple.com/ae-ar/privacy/index.html]
[www.apple.com/ae-ar/newsroom/index.html]
[www.apple.com/v/iphone/home/cg/built/scripts/overview/head.built.js]
[www.apple.com/ae-ar/environment/index.html]
[www.apple.com/ae-ar/supply-chain/index.html]
[www.apple.com/careers/ae/index.html]
[www.apple.com/ae-ar/apple-events/index.html]
[www.apple.com/ecc-shared/global/includes/ac-localeswitcher.css]
[www.apple.com/ae-ar/privacy/privacy-policy/index.html]
[www.apple.com/ae-ar/contact/index.html]
[locate.apple.com/ae/en/index.html]
[www.apple.com/ae-ar/sitemap/index.html]
[www.apple.com/am/search.html]
[www.apple.com/ecc-shared/iphone/home/images/overview/chapternav/nav_iphone_17pro__d60uog2c064i_large.png]
[www.apple.com/am/index.html]
[www.apple.com/am/ipad/index.html]
[www.apple.com/am/mac/index.html]
[www.apple.com/am/watch/index.html]
[www.apple.com/v/iphone/home/cg/images/overview/chapternav/nav_iphone_air__bbj6j2c39efm_large.png]
[www.apple.com/am/airpods/index.html]
[www.apple.com/ecc-shared/iphone/home/images/overview/chapternav/nav_iphone_17__ffxyxejeezqm_large.png]
[www.apple.com/am/buy/index.html]
[www.apple.com/am/iphone-17-pro/index.html]
[www.apple.com/am/iphone-air/index.html]
[www.apple.com/am/iphone-17/index.html]
[www.apple.com/ecc-shared/iphone/home/images/overview/chapternav/nav_iphone_16__kcscr25z9num_large.png]
[www.apple.com/am/iphone-16/specs/index.html]
[www.apple.com/ecc-shared/iphone/home/images/overview/chapternav/nav_iphone_16e__3qxl86zrk0yq_large.png]
[www.apple.com/v/iphone/home/cg/images/overview/chapternav/nav_compare__fka067e4fgq6_large.png]
[www.apple.com/am/iphone-16e/index.html]
[www.apple.com/am/iphone/compare/index.html]
[www.apple.com/v/iphone/home/cg/images/overview/consider/getting_started__f98z0j9hm7m2_large.jpg]
[support.apple.com/en-am/118670.html]
[www.apple.com/v/iphone/home/cg/images/overview/consider_modals/getting-started/modal_transfer__d54n3mtyihsi_large.jpg]
[www.apple.com/v/iphone/home/cg/images/overview/consider_modals/getting-started/modal_conversation__dhuz6opfubgy_large.jpg]
[www.apple.com/v/iphone/home/cg/images/overview/consider_modals/getting-started/modal_ease__5852shn412qy_large.jpg]
[www.apple.com/v/iphone/home/cg/images/overview/consider/designed-to_last__c3hmkknr9scy_large.jpg]
[www.apple.com/ecc-shared/iphone/home/images/overview/consider_modals/designed-to-last/modal_last__bwef9eghw8xe_large.jpg]
[www.apple.com/ecc-shared/iphone/home/images/overview/consider_modals/designed-to-last/modal_new__b7jvgmgpb37m_large.jpg]
[www.apple.com/v/iphone/home/cg/images/overview/consider_modals/designed-to-last/modal_supersmart__gdssqz659my6_large.jpg]
[www.apple.com/v/iphone/home/cg/images/overview/consider/ios__02vczxaa3siu_large.jpg]
[www.apple.com/ecc-shared/iphone/home/images/overview/consider_modals/ios_ai/modal_delight__i0qklyn8nii6_large.jpg]
[www.apple.com/v/iphone/home/cg/images/overview/consider_modals/ios_ai/modal_smart__bskqw1ojheb6_large.jpg]
[www.apple.com/v/iphone/home/cg/images/overview/consider_modals/ios_ai/modal_visual_intelligence__db4wb0gyrxqq_large.jpg]
[www.apple.com/v/iphone/home/cg/images/overview/consider_modals/ios_ai/modal_clean_up__bfik5r4vj02q_large.jpg]
[www.apple.com/ecc-shared/iphone/home/images/overview/consider_modals/ios_ai/modal_iphone__dj0juux57swi_large.jpg]
[www.apple.com/v/iphone/home/cg/images/overview/consider/privacy__dd7zepyil6gm_large.jpg]
[www.apple.com/v/iphone/home/cg/images/overview/consider_modals/privacy/modal_privacy__bfcet6osbycy_large.jpg]
[www.apple.com/v/iphone/home/cg/images/overview/consider_modals/privacy/modal_sign_in__eoc5cuolrgq6_large.jpg]
[www.apple.com/v/iphone/home/cg/images/overview/consider_modals/privacy/modal_browse__bjh6absiugxe_large.jpg]
[www.apple.com/v/iphone/home/cg/images/overview/consider_modals/privacy/modal_share__cp7lmx5xndzm_large.jpg]
[www.apple.com/ecc-shared/iphone/home/images/overview/consider_modals/privacy/modal_pay__53wlik447ya2_large.jpg]
[www.apple.com/v/iphone/home/cg/images/overview/consider/camera__f389jji00bee_large.jpg]
[www.apple.com/v/iphone/home/cg/images/overview/consider_modals/camera/modal_stunning__d5whljci7v0i_large.jpg]
[www.apple.com/v/iphone/home/cg/images/overview/consider_modals/camera/modal_zoom__dr6qr7qwc18i_large.jpg]
[www.apple.com/v/iphone/home/cg/images/overview/consider_modals/camera/modal_movies__gl7spw4j3xyu_large.jpg]
[www.apple.com/v/iphone/home/cg/images/overview/consider/environment__ct6r1r1bigsy_large.jpg]
[www.apple.com/v/iphone/home/cg/images/overview/consider_modals/environment/modal_recycle__f4wl04jg1z22_large.jpg]
[www.apple.com/v/iphone/home/cg/images/overview/consider_modals/environment/modal_packaging__br93x19oxfhy_large.jpg]
[www.apple.com/v/iphone/home/cg/images/overview/consider_modals/environment/modal_innovation__46sbsa80fhem_large.jpg]
[www.apple.com/v/iphone/home/cg/images/overview/consider_modals/environment/modal_on_track__ffuiyrxtiyum_large.jpg]
[www.apple.com/ecc-shared/iphone/home/images/overview/consider/safety__faiti3j3g0mm_large.jpg]
[www.apple.com/ecc-shared/iphone/home/images/overview/consider_modals/safety/modal_range__yrz5m709ofmu_large.jpg]
[www.apple.com/v/iphone/home/cg/images/overview/consider_modals/safety/modal_reassurance__dgemw59kaeeu_large.jpg]
[www.apple.com/v/iphone/home/cg/images/overview/select/iphone_17pro__0s6piftg70ym_large.jpg]
[www.apple.com/v/iphone/home/cg/images/overview/select/iphone_air__f0t56fef3oey_large.jpg]
[www.apple.com/ecc-shared/iphone/home/images/overview/select/iphone_17__ck7zzemcw37m_large.jpg]
[www.apple.com/ecc-shared/iphone/home/images/overview/select/iphone_16__drr03yfz644m_large.jpg]
[www.apple.com/ecc-shared/iphone/home/images/overview/select/iphone_16e__dar81seif0cy_large.jpg]
[www.apple.com/v/iphone/home/cg/images/overview/consider/innovation__ce13717o3vhy_large.jpg]
[www.apple.com/v/iphone/home/cg/images/overview/consider_modals/innovation/modal_second__d7b8ozpwiigm_large.jpg]
[www.apple.com/ecc-shared/iphone/home/images/overview/consider_modals/innovation/modal_last__bwef9eghw8xe_large.jpg]
[www.apple.com/v/iphone/home/cg/images/overview/consider_modals/innovation/modal_ease__5852shn412qy_large.jpg]
[www.apple.com/v/iphone/home/cg/images/overview/consider/chip__6hy1uruuluaa_large.jpg]
[www.apple.com/ecc-shared/iphone/home/images/overview/consider_modals/chip-battery/modal_supersmart__gdssqz659my6_large.jpg]
[www.apple.com/v/iphone/home/cg/images/overview/consider_modals/chip-battery/modal_long_lasting__baxfhotph1gi_large.jpg]
[www.apple.com/v/iphone/home/cg/images/overview/consider_modals/chip-battery/modal_5g__fsqjwzg6rsia_large.jpg]
[www.apple.com/v/iphone/home/cg/images/overview/consider_modals/chip-battery/modal_power__cevo1nv24qz6_large.jpg]
[www.apple.com/v/iphone/home/cg/images/overview/essentials/accessories__ek0uv892lg6e_large.jpg]
[www.apple.com/ecc-shared/iphone/home/images/overview/essentials/airtag__es9mk1eqbm2q_large.jpg]
[www.apple.com/ecc-shared/iphone/home/images/overview/augment/mac__gmrv6vyz8x6q_large.jpg]
[www.apple.com/v/iphone/home/cg/images/overview/augment/watch__fxtwpvwdf3mi_large.jpg]
[www.apple.com/v/iphone/home/cg/images/overview/augment/airpods__ehyxlx24f5g2_large.jpg]
[support.apple.com/en-am/121115.html]
[support.apple.com/en-am/121429.html]
[support.apple.com/en-am/102775.html]
[www.apple.com/ac/globalfooter/8/en_AM/scripts/ac-globalfooter.built.js]
[www.apple.com/ac/localeswitcher/4/en_AM/scripts/localeswitcher.built.js]
[www.apple.com/am/airtag/index.html]
[www.apple.com/v/iphone/home/cg/built/scripts/overview/main.built.js]
[www.apple.com/am/iphone/index.html]
[account.apple.com/am/index.html]
[www.apple.com/az/iphone/index.html]
[www.apple.com/bh-ar/iphone/index.html]
[www.apple.com/bh/iphone/index.html]
[www.apple.com/bw/iphone/index.html]
[www.apple.com/cf/iphone/index.html]
[www.apple.com/ci/iphone/index.html]
[www.apple.com/cm/iphone/index.html]
[www.apple.com/co/iphone/index.html]
[www.apple.com/ee/iphone/index.html]
[www.apple.com/eg-ar/iphone/index.html]
[www.apple.com/eg/iphone/index.html]
[www.apple.com/ge/iphone/index.html]
[www.apple.com/gn/iphone/index.html]
[www.apple.com/gq/iphone/index.html]
[www.apple.com/gw/iphone/index.html]
[www.apple.com/hr/iphone/index.html]
[www.apple.com/iphone/indexf793.html]
[www.apple.com/jo-ar/iphone/index.html]
[www.apple.com/jo/iphone/index.html]
[www.apple.com/ke/iphone/index.html]
[www.apple.com/kg/iphone/index.html]
[www.apple.com/kw-ar/iphone/index.html]
[www.apple.com/kw/iphone/index.html]
[www.apple.com/kz/iphone/index.html]
[www.apple.com/la/iphone/index.html]
[www.apple.com/lae/iphone/index.html]
[www.apple.com/li/iphone/index.html]
[www.apple.com/lt/iphone/index.html]
[www.apple.com/lu/iphone/index.html]
[www.apple.com/lv/iphone/index.html]
[www.apple.com/ma/iphone/index.html]
[www.apple.com/md/iphone/index.html]
[www.apple.com/me/iphone/index.html]
[www.apple.com/mg/iphone/index.html]
[www.apple.com/mk/iphone/index.html]
[www.apple.com/ml/iphone/index.html]
[www.apple.com/mo/iphone/index.html]
[www.apple.com/mt/iphone/index.html]
[www.apple.com/mu/iphone/index.html]
[www.apple.com/mz/iphone/index.html]
[www.apple.com/ne/iphone/index.html]
[www.apple.com/ng/iphone/index.html]
[www.apple.com/om-ar/iphone/index.html]
[www.apple.com/om/iphone/index.html]
[www.apple.com/qa-ar/iphone/index.html]
[www.apple.com/qa/iphone/index.html]
[www.apple.com/sa-ar/iphone/index.html]
[www.apple.com/sa/iphone/index.html]
[www.apple.com/si/iphone/index.html]
[www.apple.com/sk/iphone/index.html]
[www.apple.com/sn/iphone/index.html]
[www.apple.com/tj/iphone/index.html]
[www.apple.com/tm/iphone/index.html]
[www.apple.com/tn/iphone/index.html]
[www.apple.com/ug/iphone/index.html]
[www.apple.com/uz/iphone/index.html]
[www.apple.com/iphone/indexa246.html]
[www.apple.com/wss/fonts5144.css]
[www.apple.com/index.html]
[www.apple.com/store.html]
[www.apple.com/mac/index.html]
[www.apple.com/ipad/index.html]
[www.apple.com/watch/index.html]
[www.apple.com/apple-vision-pro/index.html]
[www.apple.com/airpods/index.html]
[www.apple.com/tv-home/index.html]
[www.apple.com/entertainment/index.html]
[www.apple.com/shop/accessories/all.html]
[support.apple.com/index722f.html]
[www.apple.com/us/search.html]
[www.apple.com/shop/bag.html]
[www.apple.com/shop/buy-iphone.html]
[www.apple.com/shop/trade-in.html]
[www.apple.com/iphone-17-pro/index.html]
[www.apple.com/iphone-air/index.html]
[www.apple.com/iphone-17/index.html]
[www.apple.com/shop/buy-iphone/iphone-16.html]
[www.apple.com/iphone-16e/index.html]
[www.apple.com/iphone/compare/index.html]
[www.apple.com/shop/iphone/accessories.html]
[www.apple.com/os/ios/index.html]
[support.apple.com/en-us/118670.html]
[www.apple.com/shop/buy-iphone/iphone-17-pro.html]
[www.apple.com/shop/buy-iphone/iphone-air.html]
[www.apple.com/shop/buy-iphone/iphone-17.html]
[www.apple.com/iphone-16/specs/index.html]
[www.apple.com/shop/buy-iphone/iphone-16e.html]
[www.apple.com/apple-card/monthly-installments/index.html]
[www.apple.com/shop/buy-iphone/carrier-offers.html]
[www.apple.com/shop/personal-setup.html]
[www.apple.com/shop/shipping-pickup.html]
[contactretail.apple.com/index12a4.html]
[apps.apple.com/us/app/apple-store/id375380948/index.html]
[www.apple.com/iphone/switch/index.html]
[www.apple.com/shop/buy-airtag/airtag.html]
[support.apple.com/en-ke/121115b0b3.html]
[support.apple.com/en-ke/121429b0b3.html]
[support.apple.com/en-us/105097b0b3.html]
[www.apple.com/legal/sales-support/iphoneinstallments_us/index.html]
[support.apple.com/en-ke/102730808b.html]
[www.apple.com/iphone/cellular/index.html]
[support.apple.com/en-ke/102775b0b3.html]
[www.apple.com/ios/feature-availability/index.html]
[www.apple.com/airtag/index.html]
[www.apple.com/shop/gift-cards.html]
[www.apple.com/wallet/index.html]
[www.apple.com/apple-card/index.html]
[www.apple.com/apple-pay/index.html]
[www.apple.com/apple-cash/index.html]
[account.apple.com/index.html]
[www.apple.com/shop/sorry/illegal_arguments.html]
[www.apple.com/apple-one/index.html]
[www.apple.com/apple-tv/index.html]
[www.apple.com/apple-music/index.html]
[www.apple.com/apple-arcade/index.html]
[www.apple.com/apple-fitness-plus/index.html]
[www.apple.com/apple-news/index.html]
[www.apple.com/apple-podcasts/index.html]
[www.apple.com/apple-books/index.html]
[www.apple.com/app-store/index.html]
[www.apple.com/retail/index.html]
[www.apple.com/retail/geniusbar/index.html]
[www.apple.com/today/index.html]
[www.apple.com/today/groups/index.html]
[www.apple.com/today/camp/index.html]
[apps.apple.com/us/app/apple-store/id375380948.html]
[www.apple.com/shop/refurbished.html]
[www.apple.com/shop/browse/financing.html]
[www.apple.com/shop/help.html]
[www.apple.com/business/index.html]
[www.apple.com/retail/business/index.html]
[www.apple.com/education/index.html]
[www.apple.com/education/k12/how-to-buy/index.html]
[www.apple.com/healthcare/index.html]
[www.apple.com/government/index.html]
[www.apple.com/shop/browse/home/veterans_military.html]
[www.apple.com/us_epp_67909/store.html]
[www.apple.com/us_epp_55499/store.html]
[www.apple.com/accessibility/index.html]
[www.apple.com/education-initiative/index.html]
[www.apple.com/environment/index.html]
[www.apple.com/diversity/index.html]
[www.apple.com/privacy/index.html]
[www.apple.com/racial-equity-justice-initiative/index.html]
[www.apple.com/supply-chain/index.html]
[www.apple.com/newsroom/index.html]
[www.apple.com/leadership/index.html]
[www.apple.com/careers/us/index.html]
[investor.apple.com/index.html]
[www.apple.com/compliance/index.html]
[www.apple.com/apple-events/index.html]
[www.apple.com/contact/index.html]
[locate.apple.com/index.html]
[www.apple.com/choose-country-region/index.html]
[www.apple.com/legal/privacy/index.html]
[www.apple.com/legal/internet-services/terms/site.html]
[www.apple.com/legal/sales-support/sales-policies/retail_us.html]
[www.apple.com/legal/index.html]
[www.apple.com/sitemap/index.html]
[www.apple.com/wss/fontsfdd2.css]
[www.apple.com/ae-ar/index.html]
[www.apple.com/ae-ar/mac/index.html]
[www.apple.com/ae-ar/ipad/index.html]
[www.apple.com/ae-ar/watch/index.html]
[www.apple.com/ae-ar/apple-vision-pro/index.html]
[www.apple.com/ae-ar/airpods/index.html]
[www.apple.com/ae-ar/tv-home/index.html]
[www.apple.com/ae-ar/entertainment/index.html]
[support.apple.com/ar-ae/index722f.html]
[www.apple.com/ae-ar/iphone-17-pro/index.html]
[www.apple.com/ae-ar/iphone-air/index.html]
[www.apple.com/ae-ar/iphone-17/index.html]
[www.apple.com/ae-ar/buy/index6c97.html]
[www.apple.com/ae-ar/iphone-16e/index.html]
[www.apple.com/ae-ar/iphone/compare/index.html]
[www.apple.com/ae-ar/buy/index97dc.html]
[www.apple.com/ae-ar/os/ios/index.html]
[support.apple.com/ar-ae/118670.html]
[www.apple.com/ae-ar/buy/indexb55f.html]
[www.apple.com/ae-ar/buy/index25d3.html]
[www.apple.com/ae-ar/buy/indexb235.html]
[www.apple.com/ae-ar/iphone-16/specs/index.html]
[www.apple.com/ae-ar/buy/indexa0e9.html]
[www.apple.com/ae-ar/trade-in/index.html]
[contactretail.apple.com/index42c8.html]
[apps.apple.com/ae/app/apple-store/id375380948/index.html]
[www.apple.com/ae-ar/iphone/switch/index.html]
[support.apple.com/ar-ae/121115b0b3.html]
[support.apple.com/ar-ae/121115.html]
[support.apple.com/ar-ae/121429.html]
[support.apple.com/ar-ae/102775.html]
[www.apple.com/ae-ar/ios/feature-availability/index.html]
[www.apple.com/ae-ar/airtag/index.html]
[www.apple.com/ae-ar/wallet/index.html]
[www.apple.com/ae-ar/apple-pay/index.html]
[account.apple.com/ae/ar/index.html]
[www.apple.com/ae-ar/apple-one/index.html]
[www.apple.com/ae-ar/apple-tv/index.html]
[www.apple.com/ae-ar/apple-music/index.html]
[www.apple.com/ae-ar/apple-arcade/index.html]
[www.apple.com/ae-ar/apple-fitness-plus/index.html]
[www.apple.com/ae-ar/apple-podcasts/index.html]
[www.apple.com/ae-ar/apple-books/index.html]
[www.apple.com/ae-ar/app-store/index.html]
[www.apple.com/ae-ar/education/index.html]
[www.apple.com/ae-ar/education/k12/how-to-buy/index.html]
[www.apple.com/ae-ar/healthcare/index.html]
[www.apple.com/ae-ar/accessibility/index.html]
[www.apple.com/ae-ar/environment/index.html]
[www.apple.com/ae-ar/privacy/index.html]
[www.apple.com/ae-ar/supply-chain/index.html]
[www.apple.com/ae-ar/newsroom/index.html]
[www.apple.com/careers/ae/index.html]
[www.apple.com/legal/warranty/statutoryrights.html]
[www.apple.com/ae-ar/apple-events/index.html]
[www.apple.com/ae-ar/contact/index.html]
[locate.apple.com/ae/en/index.html]
[www.apple.com/ae-ar/privacy/privacy-policy/index.html]
[www.apple.com/ae-ar/sitemap/index.html]
[www.apple.com/am/index.html]
[www.apple.com/am/mac/index.html]
[www.apple.com/am/ipad/index.html]
[www.apple.com/am/watch/index.html]
[www.apple.com/am/airpods/index.html]
[www.apple.com/am/tv-home/index.html]
[www.apple.com/am/entertainment/index.html]
[support.apple.com/en-am/index722f.html]
[www.apple.com/am/buy/index.html]
[www.apple.com/am/search.html]
[www.apple.com/am/iphone-17-pro/index.html]
[www.apple.com/am/iphone-air/index.html]
[www.apple.com/am/iphone-17/index.html]
[www.apple.com/am/iphone-16/specs/index.html]
[www.apple.com/am/iphone-16e/index.html]
[www.apple.com/am/iphone/compare/index.html]
[support.apple.com/en-am/118670.html]
[support.apple.com/en-am/121115.html]
[support.apple.com/en-am/121429.html]
[support.apple.com/en-am/102775.html]
[www.apple.com/am/airtag/index.html]
[account.apple.com/am/index.html]
[www.apple.com/am/apple-one/index.html]
[www.apple.com/am/apple-tv/index.html]
[www.apple.com/am/apple-music/index.html]
[www.apple.com/am/apple-arcade/index.html]
[www.apple.com/am/apple-podcasts/index.html]
[www.apple.com/am/apple-books/index.html]
[www.apple.com/am/app-store/index.html]
[www.apple.com/am/business/index.html]
[www.apple.com/am/accessibility/index.html]
[www.apple.com/am/privacy/index.html]
[www.apple.com/careers/index.html]
[www.apple.com/am/apple-events/index.html]
[locate.apple.com/am/en/index.html]
[www.apple.com/legal/privacy/en-ww/index.html]
[www.apple.com/am/sitemap/index.html]
[www.apple.com/api-www/global-elements/global-header/v1/assets/globalheader.css]
[www.apple.com/ac/globalfooter/8/en_US/styles/ac-globalfooter.built.css]
[www.apple.com/ac/localnav/9/styles/ac-localnav.built.css]
[www.apple.com/us/shop/mcm/tradein-credit.json]
[www.apple.com/iphone/indexa246.html]
[www.apple.com/v/ac/includes/campaigns-seasonal/vday-2026/a/built/styles/overview.built.css]
[www.apple.com/v/iphone/home/ci/built/styles/overview.built.css]
[www.apple.com/v/iphone/home/ci/built/scripts/overview/head.built.js]
[www.apple.com/ac/includes/acmi-handler/scripts/acmi-head.built.js]
[www.apple.com/metrics/ac-analytics/2.28.1/scripts/ac-analytics.js]
[www.apple.com/metrics/ac-analytics/2.28.1/scripts/auto-init.js]
[www.apple.com/shop/buy-iphone/iphone-17.html]
[www.apple.com/shop/buy-iphone/iphone-16e.html]
[www.apple.com/apple-card/monthly-installments/index.html]
[www.apple.com/shop/personal-setup.html]
[apps.apple.com/us/app/apple-store/id375380948/index.html]
[support.apple.com/en-ke/121115b0b3.html]
[www.apple.com/ac/globalfooter/8/en_US/scripts/ac-globalfooter.built.js]
[www.apple.com/ac/localeswitcher/4/en_US/scripts/localeswitcher.built.js]
[www.apple.com/v/iphone/home/ci/built/scripts/overview/main.built.js]
[www.apple.com/ac/ac-films/7.3.0/styles/modal.css]
[www.apple.com/ac/ac-films/7.3.0/scripts/autofilms.built.js]
[www.apple.com/ac/includes/acmi-handler/scripts/autopricing-toggle.built.js]
[www.apple.com/ac/pricing/latest-1/scripts/autopricing.built.js]
[www.apple.com/ac/globalfooter/8/ar_AE/styles/ac-globalfooter.built.css]
[www.apple.com/ac/localnav/9/styles/ac-localnav.rtl.built.css]
[www.apple.com/mideast/ac/includes/campaigns-seasonal/vday-2026/a/built/styles/overview.rtl.built.css]
[www.apple.com/wss/fontsfdd2.css]
[www.apple.com/mideast/iphone/home/ci/built/styles/overview.rtl.built.css]
[www.apple.com/mideast/iphone/home/ci/styles/overview.rtl.css]
[www.apple.com/ae-ar/buy/indexb55f.html]
[contactretail.apple.com/index42c8.html]
[www.apple.com/ae-ar/iphone/switch/index.html]
[support.apple.com/ar-ae/121115b0b3.html]
[www.apple.com/ac/globalfooter/8/ar_AE/scripts/ac-globalfooter.built.js]
[www.apple.com/ac/localeswitcher/4/ar_AE/scripts/localeswitcher.built.js]
[www.apple.com/ac/globalfooter/8/en_AM/styles/ac-globalfooter.built.css]
[www.apple.com/v/iphone/home/cg/built/styles/overview.built.css]
[www.apple.com/ecc-shared/iphone/home/styles/overview.css]
[www.apple.com/v/iphone/home/cg/built/scripts/overview/head.built.js]
[www.apple.com/ecc-shared/global/includes/ac-localeswitcher.css]
[support.apple.com/en-am/121115.html]
[www.apple.com/ac/globalfooter/8/en_AM/scripts/ac-globalfooter.built.js]
[www.apple.com/ac/localeswitcher/4/en_AM/scripts/localeswitcher.built.js]
[www.apple.com/v/iphone/home/cg/built/scripts/overview/main.built.js]
